// Jest Snapshot v1, https://goo.gl/fbAQLP

exports[`render dash board 1`] = `
<div>
  Dashboard content
</div>
`;
