// Jest Snapshot v1, https://goo.gl/fbAQLP

exports[`Login page snapshot 1`] = `
<div
  className="box-layout"
>
  <div
    className="box-layout__box"
  >
    <h1
      className="box-layout__title"
    >
      React Template
    </h1>
    <p>
      ---template---
    </p>
    <button
      className="button"
    >
      Login with Google
    </button>
  </div>
</div>
`;
