// Jest Snapshot v1, https://goo.gl/fbAQLP

exports[`render 404 not found page 1`] = `
<div>
  404!!! - 
  <Link
    replace={false}
    to="/"
  >
    Go to Home Page
  </Link>
</div>
`;
